// Jest Snapshot v1, https://jestjs.io/docs/snapshot-testing

exports[`parse should parse markdown with wikilinks and frontmatter 1`] = `
{
  "children": [
    {
      "position": {
        "end": {
          "column": 4,
          "line": 3,
          "offset": 25,
        },
        "start": {
          "column": 1,
          "line": 1,
          "offset": 0,
        },
      },
      "type": "yaml",
      "value": "yaml: frontmatter",
    },
    {
      "children": [
        {
          "position": {
            "end": {
              "column": 16,
              "line": 4,
              "offset": 41,
            },
            "start": {
              "column": 3,
              "line": 4,
              "offset": 28,
            },
          },
          "type": "text",
          "value": "Hello, world!",
        },
      ],
      "depth": 1,
      "position": {
        "end": {
          "column": 16,
          "line": 4,
          "offset": 41,
        },
        "start": {
          "column": 1,
          "line": 4,
          "offset": 26,
        },
      },
      "type": "heading",
    },
    {
      "children": [
        {
          "children": [
            {
              "position": {
                "end": {
                  "column": 14,
                  "line": 6,
                  "offset": 56,
                },
                "start": {
                  "column": 2,
                  "line": 6,
                  "offset": 44,
                },
              },
              "type": "text",
              "value": "regular link",
            },
          ],
          "position": {
            "end": {
              "column": 36,
              "line": 6,
              "offset": 78,
            },
            "start": {
              "column": 1,
              "line": 6,
              "offset": 43,
            },
          },
          "title": null,
          "type": "link",
          "url": "https://example.com",
        },
      ],
      "position": {
        "end": {
          "column": 36,
          "line": 6,
          "offset": 78,
        },
        "start": {
          "column": 1,
          "line": 6,
          "offset": 43,
        },
      },
      "type": "paragraph",
    },
    {
      "children": [
        {
          "data": {
            "alias": "WikiLink Display Text",
            "exists": false,
            "hChildren": [
              {
                "type": "text",
                "value": "WikiLink Display Text",
              },
            ],
            "hName": "a",
            "hProperties": {
              "className": "internal new",
              "href": "WikiLink Target",
            },
            "isEmbed": false,
            "permalink": "WikiLink Target",
            "target": "WikiLink Target",
          },
          "position": {
            "end": {
              "column": 42,
              "line": 8,
              "offset": 121,
            },
            "start": {
              "column": 1,
              "line": 8,
              "offset": 80,
            },
          },
          "type": "wikiLink",
        },
      ],
      "position": {
        "end": {
          "column": 42,
          "line": 8,
          "offset": 121,
        },
        "start": {
          "column": 1,
          "line": 8,
          "offset": 80,
        },
      },
      "type": "paragraph",
    },
    {
      "children": [
        {
          "data": {
            "alias": null,
            "exists": false,
            "hChildren": [
              {
                "type": "text",
                "value": "WikiLink Target",
              },
            ],
            "hName": "a",
            "hProperties": {
              "className": "internal new transclusion",
              "href": "WikiLink Target",
            },
            "isEmbed": true,
            "permalink": "WikiLink Target",
            "target": "WikiLink Target",
          },
          "position": {
            "end": {
              "column": 21,
              "line": 10,
              "offset": 143,
            },
            "start": {
              "column": 1,
              "line": 10,
              "offset": 123,
            },
          },
          "type": "wikiLink",
        },
      ],
      "position": {
        "end": {
          "column": 21,
          "line": 10,
          "offset": 143,
        },
        "start": {
          "column": 1,
          "line": 10,
          "offset": 123,
        },
      },
      "type": "paragraph",
    },
  ],
  "position": {
    "end": {
      "column": 1,
      "line": 11,
      "offset": 144,
    },
    "start": {
      "column": 1,
      "line": 1,
      "offset": 0,
    },
  },
  "type": "root",
}
`;

exports[`parse should parse markdown with wikilinks and frontmatter 2`] = `
"---
yaml: frontmatter
---

# Hello, world!

[regular link](https://example.com)

[[|WikiLink Display Text]]

[[]]
"
`;
